{"f1": 90.23, "word_spotting": 63.05084745762712}
